// Jest Snapshot v1, https://goo.gl/fbAQLP

exports[`MainTitle should render correctly with no props 1`] = `
<div
  className="MainTitle"
>
  Blog
</div>
`;
