// Jest Snapshot v1, https://goo.gl/fbAQLP

exports[`NavBar should render correctly with no props 1`] = `
<nav
  className="NavBar"
>
  Latest Updates
</nav>
`;
